Running Gradle task 'assembleDebug'...                          
e: file:///home/user/myapp/android/build.gradle.kts:8:24: Type mismatch: inferred type is String but File! was expected
e: file:///home/user/myapp/android/build.gradle.kts:10:24: Type mismatch: inferred type is String but File! was expected

FAILURE: Build failed with an exception.

* Where:
Build file '/home/user/myapp/android/build.gradle.kts' line: 8

* What went wrong:
Script compilation errors:

  Line 08: rootProject.buildDir = "../build"
                                  ^ Type mismatch: inferred type is String but File! was expected

  Line 10:     project.buildDir = "${rootProject.buildDir}/${project.name}"
                                  ^ Type mismatch: inferred type is String but File! was expected

2 errors

* Try:
> Run with --stacktrace option to get the stack trace.
> Run with --info or --debug option to get more log output.
> Run with --scan to get full insights.
> Get more help at https://help.gradle.org.

BUILD FAILED in 2s
Running Gradle task 'assembleDebug'...                           2,315ms
Gradle task assembleDebug failed with exit code 1
